
> tagtics-client@1.0.0 build
> rollup -c

node.exe : [36m
At line:1 char:1
+ & 
"C:\nvm4w\nodejs/node.exe" 
"C:\nvm4w\nodejs/node_modul
es/npm/bin/np ...
+ ~~~~~~~~~~~~~~~~~~~~~~~~~
~~~~~~~~~~~~~~~~~~~~~~~~~~~
~~~~~~~~~~~~~~~~~
    + CategoryInfo         
     : NotSpecified: ([3  
  6m:String) [], RemoteE   
 xception
    + FullyQualifiedErrorI 
   d : NativeCommandError
 
[1msrc/index.ts[22m ΓåÆ 
[1mdist/index.cjs.js, 
dist/index.esm.js, dist/ind
ex.umd.js[22m...[39m
[1m[31m[!] 
[1mRollupError: 
Unexpected token (Note 
that you need plugins to 
import files that are not J
avaScript)[22m[1m[39m[2
2m
../../../Package/src/index.
ts (1:7)
[2m1: export type 
TagticsConfig = {
          ^
2:     apiKey: string;
3:     include?: string[];
[22m
[2m    at error (D:\Misc\T
agtics\Package\node_modules
\rollup\dist\shared\rollup.
js:353:30)
    at Module.error (D:\Mis
c\Tagtics\Package\node_modu
les\rollup\dist\shared\roll
up.js:15237:16)
    at Module.tryParse (D:\
Misc\Tagtics\Package\node_m
odules\rollup\dist\shared\r
ollup.js:15968:25)
    at Module.setSource (D:
\Misc\Tagtics\Package\node_
modules\rollup\dist\shared\
rollup.js:15569:39)
    at ModuleLoader.addModu
leSource (D:\Misc\Tagtics\P
ackage\node_modules\rollup\
dist\shared\rollup.js:25804
:20)[22m


